<html>
<body>
<pre>
<h1>µVision Build Log</h1>
<h2>Tool Versions:</h2>
IDE-Version: µVision V5.25.2.0
Copyright (C) 2018 ARM Ltd and ARM Germany GmbH. All rights reserved.
License Information: Moritz Scherer, Eth Zürich, LIC=NHYHL-0QJH8-SG87K-ZPJM8-YTS5N-IM3A0
 
Tool Versions:
Toolchain:       MDK-ARM Professional  Version: 5.25.2.0
Toolchain Path:  C:\Keil_v5\ARM\ARMCLANG\Bin
C Compiler:      ArmClang.exe V6.9
Assembler:       Armasm.exe V6.9
Linker/Locator:  ArmLink.exe V6.9
Library Manager: ArmAr.exe V6.9
Hex Converter:   FromElf.exe V6.9
CPU DLL:         SARMCM3.DLL V5.25.2.0
Dialog DLL:      DCM.DLL V1.17.1.0
Target DLL:      UL2CM3.DLL V1.160.12.0
Dialog DLL:      TCM.DLL V1.35.1.0
 
<h2>Project:</h2>
C:\Users\Moritz Scherer\Documents\HearableCode\Algorithmus\OnBoard_Test\testprojekt.uvprojx
Project File Date:  04/04/2018

<h2>Output:</h2>
*** Using Compiler 'V6.9', folder: 'C:\Keil_v5\ARM\ARMCLANG\Bin'
Rebuild target 'testprojekt'
compiling Lowpass.c...
compiling BlackmanNuttall.c...
compiling testprojekt.c...
compiling Hanning.c...
compiling CyclicShift.c...
compiling Utils.c...
compiling FFT.c...
assembling startup_keil.s...
compiling am_util_id.c...
compiling am_util_delay.c...
compiling am_util_faultisr.c...
compiling am_util_stdio.c...
linking...
Program Size: Code=28162 RO-data=342 RW-data=112 ZI-data=233832  
After Build - User command #1: fromelf --bin --output bin\testprojekt.bin bin\testprojekt.axf
After Build - User command #2: fromelf -cedrst --output bin\testprojekt.txt bin\testprojekt.axf
".\bin\testprojekt.axf" - 0 Error(s), 0 Warning(s).

<h2>Software Packages used:</h2>

Package Vendor: AmbiqMicro
                http://s3.asia.ambiqmicro.com/pack/AmbiqMicro.Apollo_DFP.1.0.0.pack
                AmbiqMicro.Apollo_DFP.1.0.0
                Ambiq Micro Apollo Series Device Support

<h2>Collection of Component include folders:</h2>
  .\RTE\_testprojekt
  C:\Keil_v5\ARM\PACK\AmbiqMicro\Apollo_DFP\1.0.0\Device\Include

<h2>Collection of Component Files used:</h2>
Build Time Elapsed:  00:00:03
</pre>
</body>
</html>
