<html>
<body>
<pre>
<h1>µVision Build Log</h1>
<h2>Tool Versions:</h2>
IDE-Version: µVision V5.25.2.0
Copyright (C) 2018 ARM Ltd and ARM Germany GmbH. All rights reserved.
License Information: Moritz Scherer, Eth Zürich, LIC=NHYHL-0QJH8-SG87K-ZPJM8-YTS5N-IM3A0
 
Tool Versions:
Toolchain:       MDK-ARM Professional  Version: 5.25.2.0
Toolchain Path:  C:\Keil_v5\ARM\ARMCC\Bin
C Compiler:      Armcc.exe V5.06 update 6 (build 750)
Assembler:       Armasm.exe V5.06 update 6 (build 750)
Linker/Locator:  ArmLink.exe V5.06 update 6 (build 750)
Library Manager: ArmAr.exe V5.06 update 6 (build 750)
Hex Converter:   FromElf.exe V5.06 update 6 (build 750)
CPU DLL:         SARMCM3.DLL V5.25.2.0
Dialog DLL:      DCM.DLL V1.17.1.0
Target DLL:      Segger\JL2CM3.dll V2.99.29.0
Dialog DLL:      TCM.DLL V1.35.1.0
 
<h2>Project:</h2>
C:\Users\Moritz Scherer\Documents\HearableCode\Algorithmus\PWMAlgTest\IntegrationTest.uvprojx
Project File Date:  04/11/2018

<h2>Output:</h2>
*** Using Compiler 'V5.06 update 6 (build 750)', folder: 'C:\Keil_v5\ARM\ARMCC\Bin'
Rebuild target 'IntegrationTest'
compiling am_util_debug.c...
compiling am_util_delay.c...
compiling heap_2.c...
compiling am_util_stdio.c...
assembling startup_keil.s...
compiling list.c...
compiling event_groups.c...
compiling queue.c...
compiling BlackmanNuttall.c...
compiling timers.c...
compiling tasks.c...
compiling Hanning.c...
compiling CyclicShift.c...
compiling IntegrationTest.c...
compiling FFT.c...
compiling am_util_faultisr.c...
compiling rtos.c...
rtos.c(200): warning:  #177-D: variable "i"  was declared but never referenced
  	int i = 0;
rtos.c(351): warning:  #177-D: variable "returnvalue"  was declared but never referenced
  		BaseType_t returnvalue;
rtos.c: 2 warnings, 0 errors
compiling Lowpass.c...
compiling port.c...
compiling Utils.c...
linking...
Program Size: Code=26434 RO-data=334 RW-data=316 ZI-data=206252  
After Build - User command #1: fromelf --bin --output bin\IntegrationTest.bin bin\IntegrationTest.axf
After Build - User command #2: fromelf -cedrst --output bin\IntegrationTest.txt bin\IntegrationTest.axf
".\bin\IntegrationTest.axf" - 0 Error(s), 2 Warning(s).

<h2>Software Packages used:</h2>

Package Vendor: AmbiqMicro
                http://s3.asia.ambiqmicro.com/pack/AmbiqMicro.Apollo_DFP.1.0.0.pack
                AmbiqMicro.Apollo_DFP.1.0.0
                Ambiq Micro Apollo Series Device Support

<h2>Collection of Component include folders:</h2>
  .\RTE\_IntegrationTest
  C:\Keil_v5\ARM\PACK\AmbiqMicro\Apollo_DFP\1.0.0\Device\Include

<h2>Collection of Component Files used:</h2>
Build Time Elapsed:  00:00:03
</pre>
</body>
</html>
